# Log Audit Kepatuhan Rekayasa Axiom
Tanggal: 2026-10-08
Task ID: INIT-GUARDS

[PRIORITAS]
1. Mengintegrasikan gerbang verifikasi kualitas otomatis pada tools/guards.py.
2. Memperbarui kontrak kerja AGENTS.md dengan Klausul 8 (Disiplin Prioritas, Ketelitian Mikro, & Audit Log Mandiri).
3. Mengaktifkan verifikasi struktur direktori logs/ dan validasi tag wajib pada tools/guards.py.

[DETAIL_MIKRO]
- Skrip tools/guards.py diperluas dengan fungsi verify_logging_discipline().
- Tag wajib yang divalidasi: [PRIORITAS], [DETAIL_MIKRO], [EKSEKUSI_UJI], [STATUS_AKTUAL].
- Seleksi berkas log menggunakan timestamp termutakhir (st_mtime) untuk menjamin log yang dievaluasi mencerminkan iterasi kerja aktif.
- Menjamin tidak ada pelanggaran tipe data floating-point (f32, f64) dan blok unsafe pada seluruh berkas .rs di crates/ dan bin/.

[EKSEKUSI_UJI]
- cargo check --workspace: Lolos (0 error).
- cargo clippy --workspace -- -D warnings: Lolos (0 warning, 0 error).
- python3 tools/guards.py: Siap diuji untuk validasi otomatis.

[STATUS_AKTUAL]
- Struktur tools/guards.py telah diperbarui.
- Aturan Bagian 8 pada AGENTS.md telah disisipkan.
- Direktori logs/ telah diinisialisasi dengan catatan log perdana.
